// Jest Snapshot v1, https://goo.gl/fbAQLP

exports[`Balance get C19353 (+) Without money 1`] = `
Array [
  Object {
    "balance": 0,
    "currency": "RUB",
  },
  Object {
    "balance": 0,
    "currency": "USD",
  },
  Object {
    "balance": 0,
    "currency": "EUR",
  },
]
`;
